"Family.Porphyromonadaceae.0001","Family.Porphyromonadaceae.0002","Family.Porphyromonadaceae.0003","Bacteroides.0001","Alistipes.0001","Family.Porphyromonadaceae.0004","Barnesiella.0001","Family.Porphyromonadaceae.0005","Lactobacillus.0001","Family.Lachnospiraceae.0001","Family.Porphyromonadaceae.0006","Family.Lachnospiraceae.0002","Kingdom.Bacteria.0001","Family.Porphyromonadaceae.0007","Family.Lachnospiraceae.0003","Family.Lachnospiraceae.0004","Oscillibacter.0001","Family.Lachnospiraceae.0005","Family.Porphyromonadaceae.0008","Family.Lachnospiraceae.0006","Lactobacillus.0002","Clostridium_XlVa.0001","Family.Porphyromonadaceae.0009","Family.Lachnospiraceae.0007","Family.Lachnospiraceae.0008","Family.Lachnospiraceae.0009","Lactobacillus.0003","Oscillibacter.0002","Family.Ruminococcaceae.0001","Family.Lachnospiraceae.0010","Family.Lachnospiraceae.0011","Family.Lachnospiraceae.0012","Family.Ruminococcaceae.0002","Family.Lachnospiraceae.0013","Family.Lachnospiraceae.0014","Family.Lachnospiraceae.0015","Family.Ruminococcaceae.0003","Family.Lachnospiraceae.0016","Family.Lachnospiraceae.0017","Anaeroplasma.0001","Family.Lachnospiraceae.0018","Family.Lachnospiraceae.0019","Kingdom.Bacteria.0002","Family.Lachnospiraceae.0020","Kingdom.Bacteria.0003","Family.Ruminococcaceae.0004","Eubacterium.0001","Family.Lachnospiraceae.0021","Family.Lachnospiraceae.0022","Family.Lachnospiraceae.0023","Family.Lachnospiraceae.0024","Family.Lachnospiraceae.0025","Clostridium_IV.0001","Family.Lachnospiraceae.0026","Family.Lachnospiraceae.0027","Turicibacter.0001","Family.Lachnospiraceae.0028","Family.Lachnospiraceae.0029","Family.Ruminococcaceae.0005","Kingdom.Bacteria.0004","Family.Lachnospiraceae.0030","Family.Lachnospiraceae.0031","Family.Porphyromonadaceae.0010","Johnsonella.0001","Family.Lachnospiraceae.0032","Clostridium_sensu_stricto.0001","Family.Lachnospiraceae.0033","Family.Ruminococcaceae.0006","Family.Ruminococcaceae.0007","TM7_genus_incertae_sedis.0001","Family.Lachnospiraceae.0034","Clostridium_XlVa.0002","Family.Lachnospiraceae.0035","Family.Lachnospiraceae.0036","Family.Lachnospiraceae.0037","Roseburia.0001","Family.Porphyromonadaceae.0011","Family.Lachnospiraceae.0038","Family.Lachnospiraceae.0039","Family.Lachnospiraceae.0040","Family.Lachnospiraceae.0041","Family.Lachnospiraceae.0042","Family.Lachnospiraceae.0043","Family.Lachnospiraceae.0044","Clostridium_XlVb.0001","Order.Clostridiales.0001","Order.Clostridiales.0002","Family.Ruminococcaceae.0008","Family.Lachnospiraceae.0045","Family.Lachnospiraceae.0046","Order.Clostridiales.0003","Family.Lachnospiraceae.0047","Kingdom.Bacteria.0005","Clostridium_XlVb.0002","Class.Clostridia.0001","Pseudomonas.0001","Family.Lachnospiraceae.0048","Family.Ruminococcaceae.0009","Family.Lachnospiraceae.0049","Family.Lachnospiraceae.0050","Family.Lachnospiraceae.0051","Bifidobacterium.0001","Family.Lachnospiraceae.0052","Order.Clostridiales.0004","Butyricicoccus.0001","Family.Lachnospiraceae.0053","Family.Lachnospiraceae.0054","Family.Ruminococcaceae.0010","Family.Ruminococcaceae.0011","Family.Lachnospiraceae.0055","Family.Lachnospiraceae.0056","Order.Clostridiales.0005","Family.Lachnospiraceae.0057","Family.Lachnospiraceae.0058","Family.Lachnospiraceae.0059","Enterorhabdus.0001","Family.Lachnospiraceae.0060","Family.Lachnospiraceae.0061","Family.Lachnospiraceae.0062","Escherichia_Shigella.0001","Streptococcus.0001","Family.Lachnospiraceae.0063","Family.Lachnospiraceae.0064","Family.Ruminococcaceae.0012","Family.Lachnospiraceae.0065","Family.Lachnospiraceae.0066","Oscillibacter.0003","Family.Ruminococcaceae.0013","Family.Ruminococcaceae.0014","Roseburia.0002","Phylum.Firmicutes.0001","Akkermansia.0001","Order.Clostridiales.0006","Family.Lachnospiraceae.0067","Family.Ruminococcaceae.0015","Order.Clostridiales.0007","Family.Ruminococcaceae.0016","Phylum.Firmicutes.0002","Family.Lachnospiraceae.0068","Dorea.0001","Family.Lachnospiraceae.0069","Family.Lachnospiraceae.0070","Clostridium_IV.0002","Oscillibacter.0004","Family.Porphyromonadaceae.0012","Family.Lachnospiraceae.0071","Family.Ruminococcaceae.0017","Family.Lachnospiraceae.0072","Family.Lachnospiraceae.0073","Family.Lachnospiraceae.0074","Order.Clostridiales.0008","Family.Coriobacteriaceae.0001","Family.Lachnospiraceae.0075","Family.Ruminococcaceae.0018","Order.Clostridiales.0009","Oscillibacter.0005","Family.Lachnospiraceae.0076","Order.Clostridiales.0010","Family.Ruminococcaceae.0019","Family.Lachnospiraceae.0077","Family.Ruminococcaceae.0020","Order.Clostridiales.0011","Family.Ruminococcaceae.0021","Order.Clostridiales.0012","Family.Lachnospiraceae.0078","Family.Lachnospiraceae.0079","Kingdom.Bacteria.0006","Clostridium_XlVb.0003","Family.Lachnospiraceae.0080","Family.Ruminococcaceae.0022","Family.Erysipelotrichaceae.0001","Family.Lachnospiraceae.0081","TM7_genus_incertae_sedis.0002","Anaerotruncus.0001","Streptococcus.0002","Pseudoflavonifractor.0001","Family.Lachnospiraceae.0082","Family.Lachnospiraceae.0083","Family.Lachnospiraceae.0084","Family.Lachnospiraceae.0085","Order.Clostridiales.0013","Class.Clostridia.0002","Family.Lachnospiraceae.0086","Order.Clostridiales.0014","Family.Lachnospiraceae.0087","Order.Clostridiales.0015","Family.Lachnospiraceae.0088","Family.Lachnospiraceae.0089","Family.Porphyromonadaceae.0013","Family.Lachnospiraceae.0090","Order.Clostridiales.0016","Kingdom.Bacteria.0007","Order.Clostridiales.0017","Family.Lachnospiraceae.0091","Phylum.Firmicutes.0003","Family.Ruminococcaceae.0023","Family.Ruminococcaceae.0024","Family.Lachnospiraceae.0092","Clostridium_XlVb.0004","Class.Clostridia.0003","Order.Clostridiales.0018","Family.Lachnospiraceae.0093","Order.Clostridiales.0019","Family.Lachnospiraceae.0094","Family.Lachnospiraceae.0095","TM7_genus_incertae_sedis.0003","Family.Coriobacteriaceae.0002","Lachnospiracea_incertae_sedis.0001","Phylum.Firmicutes.0004","Order.Clostridiales.0020","Family.Lachnospiraceae.0096","Escherichia_Shigella.0002","Family.Ruminococcaceae.0025","Family.Lachnospiraceae.0097","Phylum.Bacteroidetes.0001","Order.Clostridiales.0021","Family.Coriobacteriaceae.0003","Family.Porphyromonadaceae.0014","Family.Lachnospiraceae.0098","Family.Lachnospiraceae.0099","Anaeroplasma.0002","Phylum.Firmicutes.0005","Family.Porphyromonadaceae.0015","Family.Lachnospiraceae.0100","Family.Lachnospiraceae.0101","Family.Lachnospiraceae.0102","Order.Bacteroidales.0001","Family.Porphyromonadaceae.0016","Family.Lachnospiraceae.0103","Atopostipes.0001","Pseudomonas.0002","Family.Pseudomonadaceae.0001","Family.Lachnospiraceae.0104","Order.Bacillales.0001","Phylum.Bacteroidetes.0002","Family.Porphyromonadaceae.0017","Family.Porphyromonadaceae.0018","Family.Porphyromonadaceae.0019","Family.Porphyromonadaceae.0020","Family.Porphyromonadaceae.0021","Family.Porphyromonadaceae.0022","Family.Porphyromonadaceae.0023","Family.Porphyromonadaceae.0024","Family.Porphyromonadaceae.0025","Family.Porphyromonadaceae.0026","Family.Porphyromonadaceae.0027","Family.Porphyromonadaceae.0028","Family.Porphyromonadaceae.0029","Family.Porphyromonadaceae.0030","TM7_genus_incertae_sedis.0004","Phylum.Firmicutes.0006","Family.Lachnospiraceae.0105","Phylum.Firmicutes.0007","Phylum.Firmicutes.0008","Clostridium_XlVa.0003","Family.Lachnospiraceae.0106","Family.Lachnospiraceae.0107","Aeromonas.0001","Family.Coriobacteriaceae.0004","Order.Clostridiales.0022","TM7_genus_incertae_sedis.0005","Order.Clostridiales.0023","TM7_genus_incertae_sedis.0006","Family.Lachnospiraceae.0108","Order.Clostridiales.0024","Stenotrophomonas.0001","TM7_genus_incertae_sedis.0007","Kingdom.Bacteria.0008","Family.Lachnospiraceae.0109","Family.Lachnospiraceae.0110","Lishizhenia.0001","Phylum.Bacteroidetes.0003","Family.Porphyromonadaceae.0031","Phylum.Bacteroidetes.0004","Staphylococcus.0001","Weissella.0001","Family.Lachnospiraceae.0111","Oscillibacter.0006","Family.Lachnospiraceae.0112","Family.Ruminococcaceae.0026","Order.Clostridiales.0025","Family.Lachnospiraceae.0113","Family.Lachnospiraceae.0114","Family.Ruminococcaceae.0027","Family.Ruminococcaceae.0028","Family.Lachnospiraceae.0115","Order.Clostridiales.0026","Family.Lachnospiraceae.0116","Family.Ruminococcaceae.0029","Family.Lachnospiraceae.0117","Family.Lachnospiraceae.0118","Family.Lachnospiraceae.0119","Family.Lachnospiraceae.0120","Family.Lachnospiraceae.0121","Family.Lachnospiraceae.0122","Family.Lachnospiraceae.0123","Family.Lachnospiraceae.0124","Family.Lachnospiraceae.0125","Order.Clostridiales.0027","Family.Lachnospiraceae.0126","Family.Clostridiaceae_1.0001","Family.Lachnospiraceae.0127","Family.Lachnospiraceae.0128","Family.Lachnospiraceae.0129","Anaerofustis.0001","Family.Lachnospiraceae.0130","Family.Porphyromonadaceae.0032","Family.Porphyromonadaceae.0033","Family.Porphyromonadaceae.0034","Family.Porphyromonadaceae.0035","Family.Lachnospiraceae.0131","Family.Porphyromonadaceae.0036","Family.Porphyromonadaceae.0037","Family.Porphyromonadaceae.0038","Order.Bacteroidales.0002","Family.Porphyromonadaceae.0039","Family.Porphyromonadaceae.0040","Family.Porphyromonadaceae.0041","Family.Porphyromonadaceae.0042","Family.Ruminococcaceae.0030","Order.Bacteroidales.0003","Order.Clostridiales.0028","Family.Lachnospiraceae.0132","Order.Clostridiales.0029","Family.Ruminococcaceae.0031","Family.Lachnospiraceae.0133","Family.Lachnospiraceae.0134","Family.Lachnospiraceae.0135","Family.Lachnospiraceae.0136","Clostridium_IV.0003","Family.Lachnospiraceae.0137","Order.Clostridiales.0030","Class.Clostridia.0004","Family.Lachnospiraceae.0138"
"1",641,24,15,19,29,8,8,13,8,7,5,10,2,1,2,0,0,0,0,1,6,0,0,0,0,0,0,0,0,0,0,0,1,0,0,0,0,0,15,94,7,13,17,4,10,9,5,9,1,5,1,2,1,2,1,0,0,0,2,0,0,1,0,0,0,0,0,0,0,0,0,1,0,0,0,189,7,37,23,8,22,10,1,6,0,4,7,0,2,0,0,2,6,0,0,0,2,7,1,0,0,0,0,0,0,0,1,0,0,0,0,0,91,55,26,15,9,9,6,0,3,2,2,4,0,0,1,0,0,1,0,0,0,7,0,1,0,2,0,0,2,2,0,0,2,0,0,1,0,229,17,26,9,25,41,13,16,20,3,4,0,1,0,0,2,4,0,0,1,0,0,1,0,0,0,0,0,0,1,0,0,0,0,0,0,0,207,79,34,44,8,16,10,8,0,9,4,2,0,1,0,0,0,0,0,4,0,1,0,1,0,0,0,0,0,0,0,1,0,0,0,0,0,286,30,18,42,17,17,1,10,10,5,8,0,5,0,2,6,1,0,0,0,1,0,0,0,0,0,0,0,0,1,0,1,0,0,0,0,0,239,52,60,16,17,22,8,0,6,6,2,1,0,2,3,0,3,0,1,0,0,0,1,1,3,0,1,0,1,1,0,0,0,1,0,0,0,244,42,49,16,16,12,6,10,8,4,8,3,6,1,0,0,0,0,0,7,2,0,0,0,0,1,0,0,0,0,0,0,1,0,1,0,1
"2",132,96,105,32,4,6,17,11,3,1,8,0,2,1,1,0,0,0,1,0,0,0,0,0,0,0,0,0,1,0,0,0,0,0,0,0,1,185,106,13,39,15,4,7,9,2,5,7,4,0,1,2,0,1,1,0,0,0,1,0,0,1,0,0,0,0,0,0,0,0,0,0,1,0,1,60,39,8,23,12,7,10,4,5,5,2,4,2,0,2,2,1,0,2,0,0,0,0,0,0,2,0,1,0,0,0,0,0,0,0,0,0,170,15,18,18,18,9,2,6,2,7,2,4,2,4,3,3,1,1,0,0,1,0,0,1,0,0,0,2,0,0,0,0,0,2,0,0,0,78,47,12,38,9,19,2,10,8,9,1,3,1,0,0,3,3,1,0,1,3,0,0,0,0,0,0,0,0,1,0,1,0,0,1,0,0,124,2,20,14,15,0,12,10,9,1,1,0,2,2,0,3,2,0,1,0,0,0,0,0,1,0,0,0,0,1,0,0,1,0,0,0,0,169,16,28,25,0,3,4,10,0,4,4,2,4,3,8,0,12,4,2,0,2,0,0,1,0,0,0,0,0,0,0,0,0,0,1,0,0,232,61,10,22,12,4,5,6,3,2,5,0,2,3,1,1,0,1,2,0,1,0,0,0,0,0,2,0,0,0,0,1,0,0,0,0,0,211,177,77,34,17,13,18,15,13,5,3,0,1,3,2,0,2,1,0,0,1,0,1,0,0,0,1,0,0,0,0,0,0,0,0,0,0
"3",218,77,24,5,10,9,11,0,2,6,4,0,2,1,3,3,0,0,0,1,0,1,0,0,1,0,0,0,0,1,0,1,0,1,0,0,1,298,58,22,35,27,4,22,11,4,4,4,4,2,2,1,0,0,1,0,0,1,0,1,0,0,1,0,0,0,0,0,0,0,0,0,0,0,275,13,82,19,21,6,11,12,27,6,2,3,2,3,0,1,0,0,0,0,5,1,1,0,0,3,0,1,1,0,0,0,0,0,1,0,1,0,160,47,0,13,10,15,2,14,3,6,3,3,0,2,0,4,2,1,1,0,0,0,2,0,1,1,0,0,0,2,0,0,0,0,0,0,0,102,74,2,14,5,32,7,3,3,2,2,0,2,0,1,0,0,1,1,1,2,0,0,1,0,0,0,0,0,1,0,0,0,2,0,0,1,427,29,44,23,9,5,9,0,3,2,1,6,5,0,1,2,2,1,0,0,3,0,0,0,0,0,0,0,0,1,0,1,0,0,0,0,0,181,24,27,20,3,27,9,0,2,1,3,1,3,2,0,4,1,0,0,2,0,0,1,0,0,0,0,1,0,0,0,0,1,0,0,0,0,270,2,31,26,18,21,4,11,0,4,1,2,9,0,0,0,0,2,1,2,0,0,0,0,0,1,0,1,1,0,0,0,1,0,0,0,0,315,87,9,10,42,38,6,3,10,5,4,9,3,1,3,0,1,2,0,0,0,0,0,0,1,0,0,0,1,0,0,1,0,0,0,0,0
"4",315,0,23,16,15,11,13,5,4,3,1,0,3,3,2,2,1,2,0,1,1,0,0,0,1,0,0,0,0,1,0,0,0,0,0,0,0,238,132,20,23,0,10,7,0,0,0,2,0,2,2,0,0,0,1,0,2,0,0,0,1,1,0,0,0,0,1,0,1,1,1,0,0,1,261,92,109,17,14,11,15,0,4,3,6,3,0,3,1,0,1,0,0,0,2,0,1,0,0,0,0,0,0,0,0,0,0,0,0,0,0,203,15,41,18,9,13,8,7,4,5,4,8,2,2,1,3,1,0,0,0,8,1,1,0,0,0,0,0,1,0,0,2,0,0,0,2,0,0,96,48,19,10,19,17,7,12,8,1,3,5,0,0,4,0,0,0,0,2,0,0,1,0,1,1,0,1,1,0,0,0,0,0,0,1,0,98,70,28,8,13,19,11,7,7,4,2,3,2,2,1,0,0,1,2,2,0,0,0,0,0,0,0,1,1,0,0,0,0,0,0,0,0,168,35,48,14,6,11,7,0,4,0,2,1,0,0,1,1,0,0,0,2,0,3,0,2,0,2,0,2,1,0,0,0,0,1,0,0,0,134,78,5,14,21,0,7,10,3,5,2,2,2,0,0,1,0,0,1,1,0,0,0,0,0,0,0,1,0,0,0,1,0,0,0,0,3,187,3,8,9,30,14,8,3,0,2,4,2,2,1,0,2,0,9,4,1,1,0,0,1,0,1,0,0,0,2,0,1,2,0,0,0,0
"5",218,2,21,8,12,11,8,2,15,5,2,4,2,2,0,1,3,3,0,3,1,0,0,0,0,0,0,1,0,0,0,0,0,0,0,0,0,231,25,56,11,3,20,9,6,3,5,3,0,0,2,0,0,2,2,3,0,0,0,0,0,2,0,0,0,0,0,0,0,0,0,0,0,0,214,66,2,26,14,7,10,0,11,1,4,0,2,1,1,0,0,2,1,0,0,0,0,1,0,0,0,0,0,0,0,0,0,0,0,0,0,311,103,20,28,14,7,12,0,5,2,3,0,7,2,0,0,5,2,1,4,1,0,0,1,0,1,0,0,0,0,0,0,0,1,0,0,0,717,37,37,28,17,7,12,12,1,3,3,3,2,2,2,2,0,0,0,2,0,1,0,0,0,0,0,0,1,0,0,0,0,1,0,0,0,0,93,8,15,23,18,12,7,4,5,0,3,2,2,2,2,1,1,0,0,1,1,1,0,0,2,0,0,0,0,1,0,0,0,1,0,0,0,138,51,26,13,18,9,8,10,5,5,5,6,1,1,1,0,2,1,0,0,1,0,0,0,0,0,1,0,0,0,0,1,1,0,1,0,0,168,23,19,15,17,17,13,10,5,5,3,1,3,0,1,1,3,0,0,0,0,2,0,1,0,0,0,0,0,0,0,0,2,0,0,0,0,135,28,44,33,6,37,5,0,3,2,2,2,0,2,0,0,0,1,1,2,0,0,0,0,0,0,0,0,0,0,0,0,0,0,0,0,0
"6",195,128,65,29,9,59,8,9,3,0,3,1,1,8,0,1,1,2,1,0,1,2,6,2,0,0,0,0,2,0,0,3,0,0,0,0,0,108,72,11,14,17,21,12,0,28,4,4,2,2,1,0,3,8,0,0,0,1,0,3,1,0,0,0,0,0,0,0,1,0,0,0,0,0,146,66,13,30,1,21,7,9,0,2,3,19,1,0,2,0,3,0,0,1,0,1,0,0,1,0,0,0,1,0,0,2,0,0,0,0,0,315,58,107,33,2,15,5,33,1,25,3,13,1,3,0,2,0,0,0,0,1,0,1,0,0,0,0,0,0,0,0,0,0,0,0,0,1,338,48,9,43,11,14,0,10,9,1,4,4,7,3,0,1,2,0,2,0,0,0,0,1,0,0,0,0,0,0,0,0,1,0,0,0,2,187,6,77,6,7,25,7,7,4,0,2,8,1,1,1,0,2,0,1,2,0,1,1,2,1,0,0,0,1,1,0,0,1,1,0,0,0,3,10,41,65,10,17,9,12,1,7,13,2,4,2,1,0,1,0,1,3,0,1,0,0,0,2,1,0,0,1,1,0,0,0,0,0,0,0,125,53,19,28,14,1,10,4,9,4,4,2,1,4,4,3,1,0,1,3,0,2,1,0,0,0,0,0,0,2,1,0,0,0,0,1,0,51,9,28,27,8,4,11,14,0,5,2,0,3,0,0,6,3,0,1,5,1,2,0,0,0,0,0,0,0,1,0,0,0,0,0,1,0
"7",82,29,13,14,3,4,12,9,7,5,3,6,2,0,2,1,0,0,1,0,0,0,0,1,0,0,0,2,0,2,0,0,1,0,0,0,0,183,6,36,21,16,0,7,8,4,6,2,1,2,1,11,0,1,0,0,0,0,0,0,0,0,0,0,0,0,1,0,0,0,0,0,0,0,226,30,17,27,10,11,5,4,0,5,4,1,0,2,0,1,0,7,1,0,1,0,1,0,2,0,0,1,0,0,0,0,0,0,0,0,0,288,28,33,30,21,7,4,9,6,2,2,2,1,2,2,2,1,2,1,0,0,1,2,0,0,0,0,0,0,0,0,0,0,0,0,0,0,199,116,29,34,13,14,6,0,6,2,2,9,3,3,1,0,1,1,0,0,0,2,0,1,0,1,0,0,0,0,0,0,0,0,0,0,0,246,75,28,45,32,3,0,6,5,2,5,3,4,2,1,1,2,1,1,0,1,0,0,2,0,0,0,0,0,1,0,0,0,0,0,0,0,244,124,42,19,22,13,11,6,2,7,1,2,4,4,1,0,1,0,1,0,1,0,0,0,1,0,0,0,0,0,1,0,0,1,0,0,0,1,42,9,10,17,10,13,15,6,2,2,4,1,2,1,0,0,0,1,0,0,1,0,1,0,0,1,0,0,0,0,0,0,0,0,1,0,0,147,61,27,23,13,2,22,11,3,6,6,7,0,0,2,0,1,0,0,0,0,3,0,0,0,1,1,0,1,0,0,1,0,0,0,0,1
"8",162,68,40,28,15,12,8,0,1,5,2,0,0,0,0,0,1,1,1,0,1,0,2,1,0,0,1,0,0,0,1,0,0,1,1,0,1,296,45,65,21,11,7,11,0,10,3,1,3,4,0,1,2,1,0,1,4,0,0,0,0,0,1,0,0,1,0,0,0,1,0,0,0,0,85,42,56,21,9,30,6,9,5,5,2,0,2,2,0,1,0,1,0,0,1,0,0,0,1,0,0,0,0,1,0,0,1,0,0,0,0,167,0,21,12,42,16,21,7,10,7,0,4,0,4,14,0,0,0,0,4,0,0,0,1,0,0,0,0,0,1,0,0,0,0,1,1,0,223,2,16,47,13,8,4,5,0,1,2,0,3,2,2,4,1,1,2,1,0,0,2,0,0,0,0,0,0,1,0,0,0,0,0,0,0,303,24,11,30,20,17,13,0,6,7,7,6,2,0,4,0,1,2,0,1,0,1,1,0,0,0,0,0,0,0,0,0,0,0,0,1,3,307,40,13,23,13,14,22,14,6,3,0,1,7,0,1,0,0,0,0,0,0,1,0,1,0,0,0,0,0,2,0,1,0,1,0,0,0,219,41,54,41,12,1,6,5,4,8,2,0,4,0,1,3,1,1,3,0,0,2,1,1,0,0,0,0,0,1,0,0,0,0,0,1,0,0,103,6,24,27,10,7,3,7,5,1,1,3,4,0,0,1,2,0,1,0,0,2,1,1,0,0,1,0,0,0,0,0,0,0,0,1,0
"9",42,27,17,34,15,7,5,7,9,2,2,1,3,0,0,1,3,0,1,0,0,1,0,0,0,1,1,0,0,0,0,0,0,0,0,1,0,158,62,31,16,26,26,6,11,1,1,3,5,2,3,1,0,0,0,1,0,1,2,0,0,0,0,2,0,0,1,0,1,0,0,1,0,0,151,15,38,17,31,9,4,10,6,5,3,4,4,0,2,3,1,0,0,1,1,0,0,0,0,0,0,0,0,1,0,0,0,1,1,0,1,174,86,5,24,20,39,2,13,3,2,2,2,0,1,0,1,0,1,1,0,1,0,0,0,0,0,0,1,0,0,0,1,0,0,0,0,0,183,305,14,27,40,17,2,12,0,4,5,2,2,1,4,1,0,0,2,1,0,0,0,0,0,0,0,0,0,0,0,0,1,0,0,2,0,168,41,13,29,16,13,6,3,10,5,4,2,1,2,2,1,1,0,3,0,0,0,0,0,0,0,1,0,0,0,0,0,0,0,0,0,0,334,44,35,28,18,15,13,0,11,7,4,14,0,2,0,0,1,0,0,0,2,0,0,1,0,0,0,0,0,0,0,0,1,0,0,0,0,209,53,9,27,9,4,0,15,3,4,5,1,7,2,1,0,1,0,0,0,0,0,0,0,0,0,0,0,0,1,0,0,0,0,2,0,0,428,39,50,16,10,3,8,3,6,4,2,7,3,1,0,0,1,1,0,3,3,0,0,0,1,1,0,1,2,0,0,0,0,0,0,1,0,0
